---
source: crates/fennec-module/src/lexer.rs
expression: "lex(\"fennec \\\"hello\\nmodule\")"
---
[
    (
        "fennec",
        KW_FENNEC,
    ),
    (
        " ",
        WS,
    ),
    (
        "\"hello",
        ERR(STR_TERM),
    ),
    (
        "\n",
        LF,
    ),
    (
        "module",
        KW_MODULE,
    ),
]
