---
source: crates/fennec-module/src/parser.rs
expression: "parse(r#\"\nmodule \"examples/hello\"  // comment\nfennec 0.1.0\n\"#)"
---
Manifest[0..50]: [
    Empty[0..1]: [
        LF "\n",
    ],
    Module[1..37]: [
        KW_MODULE "module",
        WS " ",
        STR "\"examples/hello\"",
        WS "  ",
        COMMENT "// comment",
        LF "\n",
    ],
    Fennec[37..49]: [
        KW_FENNEC "fennec",
        WS " ",
        VER "0.1.0",
    ],
    Empty[49..50]: [
        LF "\n",
    ],
]
