---
source: crates/fennec-module/src/parser.rs
expression: "parse(\"fennec \\\"hello\\nmodule\")"
---
Manifest: [
    Fennec: [
        KW_FENNEC "fennec",
        "expected semantic version",
    ],
    Error: [
        "expected \"module\" keyword, \"fennec\" keyword or newline",
        WS " ",
        ERR(STR_TERM) "\"hello",
    ],
    Empty: [
        LF "\n",
    ],
    Module: [
        KW_MODULE "module",
        "expected string",
        "expected newline",
    ],
]
