---
source: crates/fennec-module/src/parser.rs
expression: "parse(r#\"\nmodule \"examples/hello\"  // comment\nfennec 0.1.0\n\"#)"
---
Manifest: [
    Empty: [
        LF "\n",
    ],
    Module: [
        KW_MODULE "module",
        WS " ",
        STR "\"examples/hello\"",
        WS "  ",
        COMMENT "// comment",
        LF "\n",
    ],
    Fennec: [
        KW_FENNEC "fennec",
        WS " ",
        VER "0.1.0",
    ],
    Empty: [
        LF "\n",
    ],
]
