---
source: crates/fennec-module/src/lexer.rs
expression: "lex(\"fennec \\\"hello\\nmodule\")"
---
[
    (
        "fennec",
        TokKwFennec,
    ),
    (
        " ",
        TokWhitespace,
    ),
    (
        "\"hello",
        TokError(
            StringUnterminated,
        ),
    ),
    (
        "\n",
        TokNewline,
    ),
    (
        "module",
        TokKwModule,
    ),
]
