---
source: crates/fennec-module/src/parser.rs
expression: "parse(\"?\")"
---
Tree {
    kind: TreeManifest,
    children: [
        Tree(
            Tree {
                kind: TreeError,
                children: [
                    Error(
                        "expected \"module\" keyword, \"fennec\" keyword or newline",
                    ),
                    Token(
                        Token {
                            kind: TokError(
                                Other,
                            ),
                            len: 1,
                        },
                    ),
                ],
            },
        ),
    ],
}
