---
source: crates/fennec-module/src/lexer.rs
expression: "lex(r#\"\nmodule \"examples/hello\"  // comment\nfennec 0.1.0\n\"#)"
---
[
    (
        "\n",
        TokNewline,
    ),
    (
        "module",
        TokKwModule,
    ),
    (
        " ",
        TokWhitespace,
    ),
    (
        "\"examples/hello\"",
        TokString,
    ),
    (
        "  ",
        TokWhitespace,
    ),
    (
        "// comment",
        TokComment,
    ),
    (
        "\n",
        TokNewline,
    ),
    (
        "fennec",
        TokKwFennec,
    ),
    (
        " ",
        TokWhitespace,
    ),
    (
        "0.1.0",
        TokVersion,
    ),
    (
        "\n",
        TokNewline,
    ),
]
